-- pcap/voip/sip_via.pcap --
SIP: head_len=692, payload=0, cmd=INVITE, cseq=1, via=TCP 10.31.18.3:8060, code=unset, mime_type=unset, content-length=0, call-id=3863b3f07c3aa6b7c8b74878211356ab@10.31.18.2, session-id=unset, from="Unknown" <sip:123456789@XX.YYY.LAN>;tag=994129, to=<sip:4242@10.10.10.10:5060>
SIP: head_len=420, payload=0, cmd=unset, cseq=1, via=TCP 10.31.18.3:8060, code=100, mime_type=unset, content-length=0, call-id=3863b3f07c3aa6b7c8b74878211356ab@10.31.18.2, session-id=unset, from="Unknown" <sip:123456789@XX.YYY.LAN>;tag=994129, to=<sip:4242@10.10.10.10:5060>
